> Task :app:checkKotlinGradlePluginConfigurationErrors
> Task :app:preBuild UP-TO-DATE
> Task :app:preDebugBuild UP-TO-DATE
> Task :app:generateDebugBuildConfig
> Task :app:checkDebugAarMetadata UP-TO-DATE
> Task :app:generateDebugResValues UP-TO-DATE
> Task :app:mapDebugSourceSetPaths UP-TO-DATE
> Task :app:generateDebugResources UP-TO-DATE
> Task :app:mergeDebugResources UP-TO-DATE
> Task :app:packageDebugResources UP-TO-DATE
> Task :app:parseDebugLocalResources UP-TO-DATE
> Task :app:createDebugCompatibleScreenManifests UP-TO-DATE
> Task :app:extractDeepLinksDebug UP-TO-DATE
> Task :app:processDebugMainManifest UP-TO-DATE
> Task :app:processDebugManifest UP-TO-DATE
> Task :app:processDebugManifestForPackage UP-TO-DATE
> Task :app:processDebugResources UP-TO-DATE
> Task :app:kspDebugKotlin
> Task :app:compileDebugKotlin
w: file:///C:/Users/Neo/Documents/projet/GeoSylva/app/src/main/java/com/forestry/counter/domain/calculation/SanityChecker.kt:272:25 Destructured parameter 'key' is never used
w: file:///C:/Users/Neo/Documents/projet/GeoSylva/app/src/main/java/com/forestry/counter/domain/usecase/export/IbpPdfExporter.kt:16:16 Parameter 'context' is never used
w: file:///C:/Users/Neo/Documents/projet/GeoSylva/app/src/main/java/com/forestry/counter/domain/usecase/export/IbpPdfExporter.kt:39:17 Variable 'y' initializer is redundant
w: file:///C:/Users/Neo/Documents/projet/GeoSylva/app/src/main/java/com/forestry/counter/domain/usecase/export/IbpPdfExporter.kt:171:17 Variable 'y' initializer is redundant
w: file:///C:/Users/Neo/Documents/projet/GeoSylva/app/src/main/java/com/forestry/counter/domain/usecase/export/PdfSynthesisExporter.kt:46:17 Variable 'y' is never used
w: file:///C:/Users/Neo/Documents/projet/GeoSylva/app/src/main/java/com/forestry/counter/presentation/components/GpsDistanceMeasureDialog.kt:134:21 'Divider(Modifier = ..., Dp = ..., Color = ...): Unit' is deprecated. Renamed to HorizontalDivider
w: file:///C:/Users/Neo/Documents/projet/GeoSylva/app/src/main/java/com/forestry/counter/presentation/components/GpsDistanceMeasureDialog.kt:136:21 'Divider(Modifier = ..., Dp = ..., Color = ...): Unit' is deprecated. Renamed to HorizontalDivider
w: file:///C:/Users/Neo/Documents/projet/GeoSylva/app/src/main/java/com/forestry/counter/presentation/components/HeightCameraAimOverlay.kt:334:9 Variable 'context' is never used
w: file:///C:/Users/Neo/Documents/projet/GeoSylva/app/src/main/java/com/forestry/counter/presentation/screens/forestry/EssenceDiamScreen.kt:106:9 Variable 'finePermission' is never used
w: file:///C:/Users/Neo/Documents/projet/GeoSylva/app/src/main/java/com/forestry/counter/presentation/screens/forestry/EssenceDiamScreen.kt:127:28 This is a delicate API and its use requires care. Make sure you fully read and understand documentation of the declaration that is marked as a delicate API.
w: file:///C:/Users/Neo/Documents/projet/GeoSylva/app/src/main/java/com/forestry/counter/presentation/screens/forestry/EssenceDiamScreen.kt:458:25 Name shadowed: tiges
w: file:///C:/Users/Neo/Documents/projet/GeoSylva/app/src/main/java/com/forestry/counter/presentation/screens/forestry/EssenceDiamScreen.kt:462:17 Name shadowed: heightTotalPopulated
w: file:///C:/Users/Neo/Documents/projet/GeoSylva/app/src/main/java/com/forestry/counter/presentation/screens/forestry/EssenceDiamScreen.kt:565:33 Name shadowed: tiges
w: file:///C:/Users/Neo/Documents/projet/GeoSylva/app/src/main/java/com/forestry/counter/presentation/screens/forestry/EssenceDiamScreen.kt:816:29 Name shadowed: tiges
w: file:///C:/Users/Neo/Documents/projet/GeoSylva/app/src/main/java/com/forestry/counter/presentation/screens/forestry/EssenceDiamScreen.kt:969:25 'LinearProgressIndicator(Float, Modifier = ..., Color = ..., Color = ..., StrokeCap = ...): Unit' is deprecated. Use the overload that takes `progress` as a lambda
w: file:///C:/Users/Neo/Documents/projet/GeoSylva/app/src/main/java/com/forestry/counter/presentation/screens/forestry/IbpCompareScreen.kt:109:37 'TrendingUp: ImageVector' is deprecated. Use the AutoMirrored version at Icons.AutoMirrored.Filled.TrendingUp
w: file:///C:/Users/Neo/Documents/projet/GeoSylva/app/src/main/java/com/forestry/counter/presentation/screens/forestry/IbpCompareScreen.kt:110:37 'TrendingDown: ImageVector' is deprecated. Use the AutoMirrored version at Icons.AutoMirrored.Filled.TrendingDown
w: file:///C:/Users/Neo/Documents/projet/GeoSylva/app/src/main/java/com/forestry/counter/presentation/screens/forestry/IbpCompareScreen.kt:111:37 'TrendingFlat: ImageVector' is deprecated. Use the AutoMirrored version at Icons.AutoMirrored.Filled.TrendingFlat
w: file:///C:/Users/Neo/Documents/projet/GeoSylva/app/src/main/java/com/forestry/counter/presentation/screens/forestry/IbpCompareScreen.kt:303:5 Parameter 'labels' is never used
w: file:///C:/Users/Neo/Documents/projet/GeoSylva/app/src/main/java/com/forestry/counter/presentation/screens/forestry/IbpCriterionIllustrations.kt:44:29 Variable 'cy' is never used
w: file:///C:/Users/Neo/Documents/projet/GeoSylva/app/src/main/java/com/forestry/counter/presentation/screens/forestry/IbpCriterionIllustrations.kt:84:29 Variable 'cy' is never used
w: file:///C:/Users/Neo/Documents/projet/GeoSylva/app/src/main/java/com/forestry/counter/presentation/screens/forestry/IbpCriterionIllustrations.kt:290:21 Variable 'angle' is never used
w: file:///C:/Users/Neo/Documents/projet/GeoSylva/app/src/main/java/com/forestry/counter/presentation/screens/forestry/IbpDiagnosticScreen.kt:164:53 Parameter 'labels' is never used
w: file:///C:/Users/Neo/Documents/projet/GeoSylva/app/src/main/java/com/forestry/counter/presentation/screens/forestry/IbpDiagnosticScreen.kt:364:36 'TrendingUp: ImageVector' is deprecated. Use the AutoMirrored version at Icons.AutoMirrored.Filled.TrendingUp
w: file:///C:/Users/Neo/Documents/projet/GeoSylva/app/src/main/java/com/forestry/counter/presentation/screens/forestry/IbpDiagnosticScreen.kt:403:50 'TrendingUp: ImageVector' is deprecated. Use the AutoMirrored version at Icons.AutoMirrored.Filled.TrendingUp
w: file:///C:/Users/Neo/Documents/projet/GeoSylva/app/src/main/java/com/forestry/counter/presentation/screens/forestry/IbpDiagnosticScreen.kt:403:95 'TrendingDown: ImageVector' is deprecated. Use the AutoMirrored version at Icons.AutoMirrored.Filled.TrendingDown
w: file:///C:/Users/Neo/Documents/projet/GeoSylva/app/src/main/java/com/forestry/counter/presentation/screens/forestry/IbpDiagnosticScreen.kt:403:127 'TrendingFlat: ImageVector' is deprecated. Use the AutoMirrored version at Icons.AutoMirrored.Filled.TrendingFlat
w: file:///C:/Users/Neo/Documents/projet/GeoSylva/app/src/main/java/com/forestry/counter/presentation/screens/forestry/IbpEvaluationScreen.kt:231:44 'MenuBook: ImageVector' is deprecated. Use the AutoMirrored version at Icons.AutoMirrored.Filled.MenuBook
w: file:///C:/Users/Neo/Documents/projet/GeoSylva/app/src/main/java/com/forestry/counter/presentation/screens/forestry/IbpEvaluationScreen.kt:1211:38 Parameter 'score' is never used
w: file:///C:/Users/Neo/Documents/projet/GeoSylva/app/src/main/java/com/forestry/counter/presentation/screens/forestry/IbpEvaluationScreen.kt:1503:45 'FormatListBulleted: ImageVector' is deprecated. Use the AutoMirrored version at Icons.AutoMirrored.Filled.FormatListBulleted
w: file:///C:/Users/Neo/Documents/projet/GeoSylva/app/src/main/java/com/forestry/counter/presentation/screens/forestry/IbpProjectsScreen.kt:446:44 'ArrowBack: ImageVector' is deprecated. Use the AutoMirrored version at Icons.AutoMirrored.Filled.ArrowBack
w: file:///C:/Users/Neo/Documents/projet/GeoSylva/app/src/main/java/com/forestry/counter/presentation/screens/forestry/MapScreen.kt:663:5 Parameter 'context' is never used
w: file:///C:/Users/Neo/Documents/projet/GeoSylva/app/src/main/java/com/forestry/counter/presentation/screens/forestry/MapScreen.kt:965:71 This declaration needs opt-in. Its usage should be marked with '@kotlinx.coroutines.ExperimentalCoroutinesApi' or '@OptIn(kotlinx.coroutines.ExperimentalCoroutinesApi::class)'
w: file:///C:/Users/Neo/Documents/projet/GeoSylva/app/src/main/java/com/forestry/counter/presentation/screens/forestry/MapScreen.kt:980:9 Variable 'animationsEnabled' is never used
w: file:///C:/Users/Neo/Documents/projet/GeoSylva/app/src/main/java/com/forestry/counter/presentation/screens/forestry/MapScreen.kt:1008:9 Variable 'showOfflineSnackbar' is never used
w: file:///C:/Users/Neo/Documents/projet/GeoSylva/app/src/main/java/com/forestry/counter/presentation/screens/forestry/MapScreen.kt:2834:56 Elvis operator (?:) always returns the left operand of non-nullable type String?
w: file:///C:/Users/Neo/Documents/projet/GeoSylva/app/src/main/java/com/forestry/counter/presentation/screens/forestry/MartelageSummaryCards.kt:382:72 Parameter 'index' is never used, could be renamed to _
w: file:///C:/Users/Neo/Documents/projet/GeoSylva/app/src/main/java/com/forestry/counter/presentation/screens/forestry/PlacetteDetailScreen.kt:606:87 Unnecessary safe call on a non-null receiver of type Double?
w: file:///C:/Users/Neo/Documents/projet/GeoSylva/app/src/main/java/com/forestry/counter/presentation/screens/forestry/ProductBreakdownCard.kt:141:17 'Divider(Modifier = ..., Dp = ..., Color = ...): Unit' is deprecated. Renamed to HorizontalDivider
w: file:///C:/Users/Neo/Documents/projet/GeoSylva/app/src/main/java/com/forestry/counter/presentation/screens/settings/PriceTablesEditorScreen.kt:439:5 Parameter 'index' is never used
w: file:///C:/Users/Neo/Documents/projet/GeoSylva/app/src/main/java/com/forestry/counter/presentation/utils/PremiumAnimations.kt:67:5 Parameter 'radius' is never used
w: file:///C:/Users/Neo/Documents/projet/GeoSylva/app/src/main/java/com/forestry/counter/presentation/utils/PremiumAnimations.kt:89:5 Parameter 'baseColor' is never used

BUILD SUCCESSFUL in 6m 27s
16 actionable tasks: 4 executed, 12 up-to-date
